         w __deregister_frame_info
         w __register_frame_info
         w userAppExit
         w userAppInit
00000000 00000802 B __ctru_dev_utf16_buf
00000000 a shift
00000000 a shift
00000000 A __sync_synchronize
00000000 b _TLS_MODULE_BASE_
00000804 00000401 B __ctru_dev_path_buf
00100000 A __start__
00100000 T _start
00100008 T __service_ptr
0010000c T __apt_appid
00100010 T __heap_size
00100014 T __linear_heap_size
00100018 T __system_arglist
0010001c T __system_runflags
00100020 t startup
00100058 t ClearMem
0010006c t ClrLoop
00100094 T _init
001000ac T __aeabi_idiv
001000ac 00000220 T __divsi3
001000b4 t .divsi3_skip_div0_test
001002cc 00000020 T __aeabi_idivmod
001002ec 00000004 W __aeabi_idiv0
001002ec 00000004 W __aeabi_ldiv0
001002f0 T __aeabi_ldivmod
001003c4 T __aeabi_uldivmod
00100408 00000390 T strcmp
00100790 T __aeabi_uidiv
00100790 000001ec T __udivsi3
00100790 t .udivsi3_skip_div0_test
0010097c 00000020 T __aeabi_uidivmod
0010099c T __aeabi_drsub
001009a4 000002b0 T __aeabi_dsub
001009a4 000002b0 T __subdf3
001009a8 000002ac T __adddf3
001009a8 000002ac T __aeabi_dadd
00100c54 00000024 T __aeabi_ui2d
00100c54 00000024 T __floatunsidf
00100c78 00000028 T __aeabi_i2d
00100c78 00000028 T __floatsidf
00100ca0 00000048 T __aeabi_f2d
00100ca0 00000048 T __extendsfdf2
00100ce8 00000074 T __aeabi_ul2d
00100ce8 00000074 T __floatundidf
00100cfc 00000060 T __aeabi_l2d
00100cfc 00000060 T __floatdidf
00100d5c t __do_global_dtors_aux
00100dac t frame_dummy
00100dd8 00000040 t menu_move_vertical
00100e18 000000c4 T handle_telnet_stream
00100edc 0000008c T draw_bottom_hud
00100f68 00000100 T draw_command_menu
00101068 00000034 T clear_command_menu
0010109c 0000008c T add_to_history
00101128 000000bc T redraw_console
001011e4 000003a0 T print_word_wrapped
00101584 00000068 T UpdateStatus
001015ec 0000081c T main
00101e08 00000018 T consoleSelect
00101e20 000001c8 T consoleDrawChar
00101fe8 00000170 T consolePrintChar
00102158 00000cc8 T con_write
00102e20 000000fc t newRow
00102f1c 00000180 T consoleInit
0010309c 000000b8 T consoleClear
00103154 000000cc t gfxPresentFramebuffer
00103220 0000001c T gfxIsWide
0010323c 000000f8 T gfxSetScreenFormat
00103334 00000010 T gfxSetDoubleBuffering
00103344 000000d8 T gfxInit
0010341c 00000010 T gfxInitDefault
0010342c 000000b8 T gfxExit
001034e4 000000a0 T gfxGetFramebuffer
00103584 00000100 T gfxFlushBuffers
00103684 00000050 T gfxSwapBuffers
001036d4 00000050 T gfxSwapBuffersGpu
00103724 00000054 T osGetTimeRef
00103778 000000ec T osGetTime
00103864 00000034 T __ctru_speedup_config
00103898 00000180 t aptConvertScreenForCapture
00103a18 00000008 W aptDspSleep
00103a20 00000004 W aptDspWakeup
00103a24 00000004 W aptDspCancel
00103a28 00000138 T aptSendCommand
00103b60 00000044 t aptExitProcess
00103ba4 00000394 T aptExit
00103f38 000000d8 T aptHandleSleep
00104010 0000001c T aptSetMessageCallback
0010402c 00000084 T APT_SleepIfShellClosed
001040b0 00000078 T aptSetSleepAllowed
00104128 00000084 T APT_UnlockTransition
001041b0 00000470 t aptEventHandler
00104620 000000bc T APT_ReceiveParameter
001046dc 000000b0 t aptReceiveParameter.constprop.0
00104790 00000294 t aptScreenTransfer
00104a24 000002d0 t aptWaitForWakeUp.isra.0
00104cf4 00000114 T aptLaunchLibraryApplet
00104e08 000000f4 T aptJumpToHomeMenu
00104efc 00000058 T aptMainLoop
00104f54 00000240 T aptInit
00105194 0000005c T APT_SendParameter
001051f0 00000090 T APT_CheckNew3DS
00105280 00000c70 t gspHardwareInit
00105ef0 00000288 T gspInit
00106178 00000104 T gspExit
0010627c 00000010 T gspHasGpuRight
0010628c 000000a4 T gspPresentBuffer
00106330 00000050 T gspWaitForEvent
00106380 00000004 W gxCmdQueueInterrupt
00106384 00000154 t gspEventThreadMain
001064d8 00000050 T GSPGPU_FlushDataCache
00106528 00000034 T GSPGPU_SetLcdForceBlack
0010655c 00000084 T GSPGPU_AcquireRight
001065e0 00000064 T GSPGPU_ReleaseRight
00106644 0000007c T GSPGPU_ImportDisplayCaptureInfo
001066c0 0000002c T GSPGPU_SaveVramSysArea
001066ec 0000002c T GSPGPU_RestoreVramSysArea
00106718 00000024 W hidShouldUseIrrst
0010673c 000001cc T hidInit
00106908 000000e8 T hidExit
001069f0 000002a0 T hidScanInput
00106c90 00000010 T hidKeysDown
00106ca0 00000018 T hidCircleRead
00106cb8 000001a4 T irrstInit
00106e5c 000000dc T irrstExit
00106f38 000000b4 T irrstScanInput
00106fec 00000024 T irrstKeysHeld
00107010 00000078 T ptmSysmInit
00107088 0000003c T ptmSysmExit
001070c4 00000034 T PTMSYSM_ConfigureNew3DSCPU
001070f8 00000174 T connect
0010726c 0000015c T fcntl
001073c8 00000024 T freeaddrinfo
001073ec 000002cc T getaddrinfo
001076b8 00000034 t soc_read
001076ec 00000034 t soc_write
00107720 000000b0 t soc_close
001077d0 00000190 T socInit
00107960 00000088 T socExit
001079e8 00000020 T recv
00107a08 00000148 T socuipc_cmd7
00107b50 00000168 T socuipc_cmd8
00107cb8 00000010 T soc_recvfrom
00107cc8 000000a4 T recvfrom
00107d6c 00000020 T send
00107d8c 0000015c T socuipc_cmd9
00107ee8 00000160 T socuipc_cmda
00108048 00000010 T soc_sendto
00108058 000000a4 T sendto
001080fc 0000016c T socket
00108268 00000190 t swkbdMessageCallback
001083f8 00000084 T swkbdInit
0010847c 00000064 T swkbdSetHintText
001084e0 000003a8 T swkbdInputText
00108888 000000e8 T utf16_to_utf8
00108970 000000c0 T utf8_to_utf16
00108a30 00000038 W __libctru_init
00108a68 0000016c W __system_initArgv
00108bd4 00000030 T __syscall_getreent
00108c04 00000004 T __syscall_lock_acquire
00108c08 00000004 T __syscall_lock_release
00108c0c 00000004 T __syscall_lock_acquire_recursive
00108c10 00000004 T __syscall_lock_release_recursive
00108c14 00000004 T __syscall_exit
00108c18 00000054 T initThreadVars
00108c6c 00000080 T __system_initSyscalls
00108cec T svcControlMemory
00108d0c T svcQueryMemory
00108d3c T svcExitProcess
00108d44 T svcCreateThread
00108d64 T svcExitThread
00108d6c T svcSleepThread
00108d74 T svcReleaseMutex
00108d7c T svcCreateEvent
00108d90 T svcSignalEvent
00108d98 T svcClearEvent
00108da0 T svcCreateMemoryBlock
00108db8 T svcMapMemoryBlock
00108dc0 T svcUnmapMemoryBlock
00108dc8 T svcCreateAddressArbiter
00108ddc T svcArbitrateAddressNoTimeout
00108de4 T svcCloseHandle
00108dec T svcWaitSynchronization
00108df4 T svcWaitSynchronizationN
00108e1c T svcDuplicateHandle
00108e30 T svcGetSystemTick
00108e38 T svcConnectToPort
00108e4c T svcSendSyncRequest
00108e54 T svcGetResourceLimit
00108e68 T svcGetResourceLimitLimitValues
00108e70 T svcGetResourceLimitCurrentValues
00108e78 T svcBreak
00108e80 W initSystem
00108ed0 W __ctru_exit
00108ee4 00000024 t addrMapNodeComparator(rbtree_node const*, rbtree_node const*)
00108f08 00000004 t addrMapNodeDestructor(rbtree_node*)
00108f0c 0000012c T linearMemAlign
00109038 00000008 T linearAlloc
00109040 0000005c T linearFree
0010909c 00000088 T MemPool::CoalesceRight(MemBlock*)
00109124 00000178 T MemPool::Allocate(MemChunk&, unsigned long, int)
0010929c 00000118 T MemPool::Deallocate(MemChunk const&)
001093b4 00000030 T MemPool::GetFreeSpace()
001093e4 00000024 t addrMapNodeComparator(rbtree_node const*, rbtree_node const*)
00109408 00000004 t addrMapNodeDestructor(rbtree_node*)
0010940c 00000248 T vramMemAlignAt
00109654 0000000c T vramAlloc
00109660 00000094 T vramFree
001096f4 0000008c W envGetHandle
00109780 00000050 W envDestroyHandles
001097d0 00000164 T srvInit
00109934 00000064 T srvExit
00109998 00000060 T srvEnableNotification
001099f8 000000a0 T srvGetServiceHandleDirect
00109a98 00000048 T srvGetServiceHandle
00109ae0 00000034 T srvSubscribe
00109b14 00000060 T srvReceiveNotification
00109b74 00000038 T srvPublishToSubscriber
00109bac 0000000c T __sync_init
00109bb8 00000018 T __sync_fini
00109bd0 00000028 T syncArbitrateAddress
00109bf8 000000ac T LightLock_Lock
00109ca4 00000040 T LightLock_Unlock
00109ce4 00000054 T RecursiveLock_Lock
00109d38 00000054 T RecursiveLock_Unlock
00109d8c 00000044 T LightEvent_Init
00109dd0 000000b8 T LightEvent_Clear
00109e88 000000dc T LightEvent_Signal
00109f64 00000050 T LightEvent_TryWait
00109fb4 000000ac T LightEvent_Wait
0010a060 000001fc T threadCreate
0010a25c 00000038 T threadFree
0010a294 00000024 T threadJoin
0010a2b8 00000030 T threadGetCurrent
0010a2e8 00000040 T threadExit
0010a328 00000020 t _thread_begin
0010a348 00000090 t mappableFindAddressWithin
0010a3d8 00000028 T mappableInit
0010a400 0000007c T mappableAlloc
0010a47c 00000004 T mappableFree
0010a480 0000000c T srvPmGetSessionHandle
0010a48c 0000003c T _net_convert_error
0010a4c8 00000074 T rbtree_find
0010a53c 00000010 T rbtree_init
0010a54c 00000198 t do_insert
0010a6e4 00000008 T rbtree_insert
0010a6ec 00000310 T rbtree_remove
0010a9fc 00000090 T rbtree_rotate
0010aa8c 00000054 T decode_utf16
0010aae0 00000140 T decode_utf8
0010ac20 00000054 T encode_utf16
0010ac74 000000e0 T encode_utf8
0010ad58 000001e8 W __system_allocateHeaps
0010af40 00000030 W __appExit
0010af70 00000030 W __appInit
0010afa0 00000090 W __libctru_exit
0010b030 00000024 t error_cmp
0010b054 00000050 t archive_translate_error
0010b0a4 000000c0 t archive_seek
0010b164 00000078 t _archiveInit.part.0
0010b1dc 00000110 t archiveFindDevice.part.0
0010b2ec 00000298 t archive_utf16path
0010b584 00000098 t _archiveUnmountDeviceStruct.part.0
0010b61c 00000178 t _archiveMountDevice
0010b794 000000f8 t archive_diropen
0010b88c 000000ac t archive_fstat
0010b938 00000074 t archive_fsync
0010b9ac 00000074 t archive_close
0010ba20 00000078 t archive_dirclose
0010ba98 000000ec t sdmc_statvfs
0010bb84 000000f8 t archive_chdir
0010bc7c 0000008c t archive_ftruncate
0010bd08 000000bc t archive_read
0010bdc4 000000a8 t archive_unlink
0010be6c 000000c0 t archive_rmdir
0010bf2c 000000d8 t archive_mkdir
0010c004 000001a0 t archive_stat
0010c1a4 00000164 t archive_dirnext
0010c308 0000013c t archive_write
0010c448 00000254 t archive_open
0010c69c 00000270 t archive_rename
0010c90c 000001c8 T archiveMountSdmc
0010cad4 00000054 T archiveUnmountAll
0010cb28 00000104 T fsInit
0010cc2c 0000003c T fsExit
0010cc68 00000068 T fsExemptFromSession
0010ccd0 00000050 T fsUnexemptFromSession
0010cd20 000000cc T FSUSER_OpenFile
0010cdec 000000b8 T FSUSER_DeleteFile
0010cea4 000000f4 T FSUSER_RenameFile
0010cf98 000000b8 T FSUSER_DeleteDirectory
0010d050 000000d0 T FSUSER_CreateFile
0010d120 000000c0 T FSUSER_CreateDirectory
0010d1e0 000000f4 T FSUSER_RenameDirectory
0010d2d4 000000b4 T FSUSER_OpenDirectory
0010d388 00000090 T FSUSER_OpenArchive
0010d418 0000008c T FSUSER_CloseArchive
0010d4a4 00000074 T FSUSER_GetSdmcArchiveResource
0010d518 00000064 T FSUSER_IsSdmcWritable
0010d57c 00000064 T FSFILE_Read
0010d5e0 0000006c T FSFILE_Write
0010d64c 00000044 T FSFILE_GetSize
0010d690 00000028 T FSFILE_SetSize
0010d6b8 0000003c T FSFILE_Close
0010d6f4 00000024 T FSFILE_Flush
0010d718 00000060 T FSDIR_Read
0010d778 0000003c T FSDIR_Close
0010d7b4 00000060 T rbtree_node_next
0010d814 T __aeabi_read_tp
0010d820 0000002c T __aeabi_d2lz
0010d820 0000002c T __fixdfdi
0010d850 00000040 T __aeabi_d2ulz
0010d850 00000040 T __fixunsdfdi
0010d890 00000130 T __udivmoddi4
0010d9c0 000000e4 T strncat
0010daa4 00000078 T sscanf
0010db1c 00000130 t critical_factorization
0010dc4c 0000033c t two_way_long_needle
0010df88 00000238 T strstr
0010e1c0 00000128 T memcpy
0010e2e8 0000008c T strlen
0010e374 00000078 T bsearch
0010e3ec 00000050 t get_arg
0010e43c 00002b88 T __ssvfscanf_r
00110fc4 00000060 t sulp
00111028 00001428 T _strtod_l
00112450 00000044 T _strtod_r
00112494 00000020 T close
001124b4 00000028 T memalign
001124dc 00000264 t _strtoull_l.isra.0
00112740 00000038 T _strtoull_r
00112778 000000f4 t rshift
0011286c 000008b4 T __gethex
00113120 000000a0 T snprintf
001131c0 00000034 T printf
001131f4 000001ec t _strtoul_l.isra.0
001133e0 00000038 T _strtoul_r
00113418 0000003c T strtoul
00113454 000000c4 T _mbrtowc_r
00113518 00000140 T strchr
00113658 000000d8 T memcmp
00113730 00000028 T calloc
00113758 000000f8 T __sccl
00113850 0000016c T _memalign_r
001139bc 0000000c T __errno
001139c8 0000047c t _strtoll_l.isra.0
00113e44 00000038 T _strtoll_r
00113e7c 00000024 T __locale_mb_cur_max
00113ea0 000000e4 T memset
00113f84 000000d8 T _calloc_r
0011405c 0000022c T __sflush_r
00114288 000000c4 T _fflush_r
0011434c 00000028 T realloc
00114374 0000082c T _malloc_r
00114ba0 00000114 T _malloc_trim_r
00114cb4 00000314 T _free_r
00114fc8 00000294 T setvbuf
0011525c 000000e4 T _sungetc_r
00115340 0000006c T __ssrefill_r
001153ac 000000b4 T _sfread_r
00115460 0000001c t stdio_exit_handler
0011547c 0000005c t cleanup_stdio
001154d8 00000154 t global_stdio_init.part.0
0011562c 0000005c T __sinit
00115688 0000000c T __sfp_lock_acquire
00115694 0000000c T __sfp_lock_release
001156a0 00000384 t _strtol_l.part.0
00115a24 0000006c T _strtol_r
00115a90 00000084 T __libc_init_array
00115b14 000000d4 T strncpy
00115be8 00000040 T malloc
00115c28 00000020 T free
00115c48 000000e0 T _puts_r
00115d28 00000020 T puts
00115d48 00000024 T _localeconv_r
00115d6c 00000044 T __sread
00115db0 00000008 T __seofread
00115db8 00000068 T __swrite
00115e20 00000040 T __sseek
00115e60 00000008 T __sclose
00115e68 000001a8 T memmove
00116010 000004f0 T _realloc_r
00116500 0000000c T __malloc_lock
0011650c 0000000c T __malloc_unlock
00116518 00000148 T _fclose_r
00116660 00000004 W __call_exitprocs
00116664 00000030 T exit
00116694 000005e0 t get_arg
00116c78 0000345c T _svfprintf_r
0011a0d4 000000f8 T __utf8_wctomb
0011a1cc 0000003c T __libc_fini_array
0011a208 0000003c T strnlen
0011a244 000000d8 T strncmp
0011a31c 00000070 T __match
0011a38c 000002a8 T __hexnan
0011a634 00000068 T sprintf
0011a6a0 00000010 T nan
0011a6b0 0000000c T nanf
0011a6c0 00000088 T frexp
0011a748 000000dc T stpncpy
0011a824 0000005c T __assert_func
0011a880 00000008 T iswspace
0011a888 00000088 T _Balloc
0011a910 0000001c T _Bfree
0011a92c 000000f4 T __multadd
0011aa20 0000010c T __s2b
0011ab2c 00000080 T __hi0bits
0011abac 000000f0 T __lo0bits
0011ac9c 000000a4 T __i2b
0011ad40 00000230 T __multiply
0011af70 00000130 T __pow5mult
0011b0a0 00000138 T __lshift
0011b1d8 00000058 T __mcmp
0011b230 00000218 T __mdiff
0011b448 00000068 T __ulp
0011b4b0 000000d4 T __b2d
0011b584 00000120 T __d2b
0011b6a4 00000078 T __ratio
0011b71c 0000008c T __copybits
0011b7a8 0000005c T __any_on
0011b804 00000070 T _fwalk_sglue
0011b874 000005e0 t get_arg
0011be58 00003554 T _vfprintf_r
0011f3ac 000000b4 t __sbprintf
0011f460 000000a0 T _wcrtomb_r
0011f500 000000b8 T __submore
0011f5b8 000000a4 T __ssprint_r
0011f65c 00000340 T __utf8_mbtowc
0011f99c 0000003c T fiprintf
0011f9d8 000004a4 T __sfvwrite_r
0011fe7c 00000014 T abort
0011fe90 00000164 T __smakebuf_r
0011fff4 00000090 T __swhatbuf_r
00120084 00000030 T __sprint_r
001200b4 000001c0 t quorem
00120278 00001420 T _dtoa_r
00121698 000000e8 T memchr
00121780 00000028 T _wcsrtombs_r
001217a8 00000140 T __swsetup_r
001218e8 00000038 T iswspace_l
00121920 0000012c T __ssputs_r
00121a4c 000005e0 t get_arg
0012202c 000022f8 T _vfiprintf_r
00124324 000000b4 t __sbprintf
001243d8 0000015c T _wcsnrtombs_l
00124534 00000064 T _wcsnrtombs_r
00124598 0000009c T _raise_r
00124634 00000020 T raise
00124654 00000090 T category
001246e4 00000020 T _exit
00124704 00000140 T chdir
00124844 000001c8 T _concatenate_path
00124a0c 0000009c T _fstat_r
00124aa8 00000014 T _getpid_r
00124abc 0000002c T __getreent
00124ae8 000000a0 T __release_handle
00124b88 000000b0 T __alloc_handle
00124c38 00000058 T __get_handle
00124c90 00000110 T _close_r
00124da0 00000008 t null_write
00124da8 00000018 T setDefaultDevice
00124dc0 00000098 T FindDevice
00124e58 00000024 T RemoveDevice
00124e7c 00000088 T AddDevice
00124f04 00000020 T GetDeviceOpTab
00124f24 00000008 T _isatty_r
00124f2c 00000014 T _kill_r
00124f40 00000094 T _lseek_r
00124fd4 00000094 T _read_r
00125068 00000078 W _sbrk_r
001250e0 0000001c T __libc_lock_acquire
001250fc 0000001c T __libc_lock_release
00125118 0000001c T __libc_lock_acquire_recursive
00125134 0000001c T __libc_lock_release_recursive
00125150 00000094 T _write_r
001251e4 00000048 T strrchr
0012522c T _fini
00126000 00000038 r g_commands
001267bc r .LC2
00126a78 00000080 r dotab_stdout
00126af8 00000018 r grayScale
00126b10 00000006 r colorCube
00126b18 00000030 r colorTable
00126b64 00000008 r morton_y.2
00126b6c 00000008 r morton_x.3
00126b74 00000008 r s_sleepWakeEvents.4
00126b7c 0000000c r serviceNameTable.5
00126b88 R default_font_bin
00127388 R default_font_bin_end
00127388 0000004d r _net_error_code_map
001273d8 00000030 r error_table
00127408 00000080 r archive_devoptab
001275dc 00000022 r basefix.0
00127660 00000014 r fpinan.0
00127674 00000014 r fpi.1
00127688 00000028 r tinytens
001276b0 00000100 R __hexdig
0012789c 00000010 r zeroes.0
001278ac 00000010 r blanks.1
001278bc 00000101 R _ctype_
001279c0 0000000c r p05.0
001279d0 00000028 R __mprec_bigtens
001279f8 000000c8 R __mprec_tens
00127bac 00000010 r zeroes.0
00127bbc 00000010 r blanks.1
00127bcc 0000006c R __action_table
00127c38 0000006c R __state_table
00127ca4 00000100 R __chclass
00127e98 00000010 r zeroes.0
00127ea8 00000010 r blanks.1
00127eb8 000037f8 r categories
0012b6b0 00000080 R dotab_stdnull
0012b730 R __tdata_align
0012b734 r __EH_FRAME_BEGIN__
0012b734 R __exidx_end
0012b734 R __exidx_start
0012c000 00000001 d firstConsoleInit.0
0012c004 00000004 D currentConsole
0012c008 00000048 D defaultConsole
0012c050 00000004 d aptChainloadDeliverArgSize
0012c054 00000004 d kCount
0012c058 00000004 d kInterval
0012c05c 00000004 d kDelay
0012c060 00000080 d soc_devoptab
0012c0e0 W __stacksize__
0012c0e4 00000004 D _impure_ptr
0012c0e8 00000200 D _impure_data
0012c2e8 00000254 D __global_locale
0012c53c 00000004 D __malloc_sbrk_base
0012c540 00000004 D __malloc_trim_threshold
0012c548 00000408 D __malloc_av_
0012c950 0000000c D __sglue
0012c95c 00000400 d _current_working_directory
0012cd60 00001000 d handles
0012dd60 0000000c d __stderr_handle
0012dd6c 0000000c d __stdout_handle
0012dd78 0000000c d __stdin_handle
0012dd84 0000008c D devoptab_list
0012de10 00000004 d defaultDevice
0012de1c d _GLOBAL_OFFSET_TABLE_
0012de28 d __frame_dummy_init_array_entry
0012de28 D __init_array_start
0012de28 B __preinit_array_end
0012de28 B __preinit_array_start
0012de28 D __tdata_lma
0012de28 D __tdata_lma_end
0012de2c d __do_global_dtors_aux_fini_array_entry
0012de2c D __fini_array_start
0012de2c D __init_array_end
0012de30 D __bss_start__
0012de30 D __fini_array_end
0012de30 00000004 b menu_selected
0012de34 00000004 B Energy
0012de38 00000004 B MaxHP
0012de3c 00000004 B HP
0012de40 00000004 B MaxEnergy
0012de44 00000004 B Thirst
0012de48 00000004 B MaxHunger
0012de4c 00000004 B Hunger
0012de50 00000004 B MaxThirst
0012de54 00000004 B history_head
0012de58 00000004 B history_count
0012de5c 00000004 B scroll_offset
0012de60 00000004 b buf_idx.3
0012de64 00000100 b line_buf.2
0012df64 00000004 b line_len.1
0012df68 00000004 b socBuffer
0012df6c 00000004 B initialSetup
0012df70 00000004 b scroll_cooldown.0
0012df74 00000004 b menu_open
0012df78 00003bc4 B history
00131b3c b completed.1
00131b40 b object.0
00131b58 00000064 b escapeSeq
00131bbc 00000048 B currentCopy
00131c04 00000004 b screenAlloc
00131c08 00000004 b screenFree
00131c0c 00000002 b gfxIsDoubleBuf
00131c10 00000002 b gfxCurBuf
00131c12 00000001 b gfxIsVram
00131c13 00000001 b gfxTopMode
00131c14 00000002 b gfxFramebufferFormats
00131c18 00000004 b gfxBottomFramebufferMaxSize
00131c1c 00000004 b gfxTopFramebufferMaxSize
00131c20 00000008 b gfxBottomFramebuffers
00131c28 00000008 b gfxTopFramebuffers
00131c30 00000001 V __ctru_speedup
00131c31 00000001 b flagValue.0
00131c32 00000001 b flagInit.1
00131c34 00000004 b serviceName.6
00131c38 00000001 b aptChainloadFlags
00131c39 00000001 b aptChainloadMediatype
00131c3c 00000020 b aptChainloadHmac
00131c5c 00000300 b aptChainloadDeliverArg
00131f60 00000008 b aptChainloadTid
00131f68 00001000 b aptParameters
00132f68 00000004 b aptFlags
00132f6c 00000001 b aptHomeButtonState
00132f70 00000004 b aptMessageFuncData
00132f74 00000004 b aptMessageFunc
00132f78 0000000c b aptFirstHook
00132f84 00000001 b aptEventHandlerThreadQuit
00132f88 00000004 b aptEventHandlerThread
00132f8c 00000008 b aptSleepEvent
00132f94 00000008 b aptReceiveEvent
00132f9c 00000008 b aptEvents
00132fa4 00000004 b aptLockHandle
00132fa8 00000004 b aptRefCount
00132fac 00000007 b gspEventCbOneShot
00132fb4 0000001c b gspEventCbData
00132fd0 0000001c b gspEventCb
00132fec 00000038 b gspEvents
00133024 00000004 b gspLastEvent
00133028 00000001 b gspRunEvents
0013302c 00000004 b gspEventThread
00133030 00000004 b gspEvent
00133034 00000001 b gspGpuRight
00133035 00000001 b gspThreadId
00133038 00000004 b gspSharedMem
0013303c 00000004 b gspSharedMemHandle
00133040 00000004 b gspRefCount
00133044 00000004 b gspGpuHandle
00133048 00000001 b usingIrrst
0013304c 00000004 b hidRefCount
00133050 00000006 b gRate
00133058 00000006 b aVec
00133060 00000004 b cPos
00133064 00000004 b tPos
00133068 00000004 b kRepeat
0013306c 00000004 b kUp
00133070 00000004 b kDown
00133074 00000004 b kHeld
00133078 00000004 b kOld
0013307c 00000004 B hidSharedMem
00133080 00000014 B hidEvents
00133094 00000004 B hidMemHandle
00133098 00000004 B hidHandle
0013309c 00000004 b irrstRefCount
001330a0 00000004 b csPos
001330a4 00000004 b kHeld
001330a8 00000004 B irrstSharedMem
001330ac 00000004 B irrstEvent
001330b0 00000004 B irrstMemHandle
001330b4 00000004 B irrstHandle
001330b8 00000004 b ptmSysmRefCount
001330bc 00000004 b ptmSysmHandle
001330c0 00000004 b swkbdSharedMemHandle
001330c4 00000004 b swkbdSharedMem
001330c8 00000004 B __system_retAddr
001330cc 00000004 B __system_argv
001330d0 00000004 B __system_argc
001330d4 b saved_stack
001330e0 00000008 b sLinearPool
001330e8 0000000c b sAddrMap
001330f8 00000008 b sVramPoolB
00133100 00000008 b sVramPoolA
00133108 0000000c b sAddrMap
00133114 00000004 B __3dslink_host
00133118 00000004 b srvRefCount
0013311c 00000004 b srvHandle
00133120 00000004 b arbiter
00133124 00000004 b currentAddr
00133128 00000004 b maxAddr
0013312c 00000004 b minAddr
00133130 00000004 b srvPmHandle
00133134 00000004 B socMemhandle
00133138 00000004 B SOCU_handle
0013313c 00000004 V __ctru_linear_heap_size
00133140 00000004 V __ctru_heap_size
00133144 00000004 B __ctru_linear_heap
00133148 00000004 B __ctru_heap
00133150 000005c0 b archive_devices
00133710 00000004 b archive_device_cwd
00133714 00000001 b archive_initialized
00133718 00000080 b fsExemptArchives
00133798 00000004 b fsuRefCount
0013379c 00000004 b fsuHandle
001337a0 00000028 B __malloc_current_mallinfo
001337c8 00000004 B __malloc_max_total_mem
001337cc 00000004 B __malloc_max_sbrked_mem
001337d0 00000004 B __malloc_top_pad
001337d4 0000000c b __sfp_recursive_mutex
001337e0 00000168 B __sf
00133948 00000004 B __stdio_exit_handler
0013394c 0000000c b __malloc_recursive_mutex
00133958 00000400 b temp_cwd
00133d58 00000004 b __hndl_lock
00133d5c 00000004 B fake_heap_start
00133d60 00000004 B fake_heap_end
00133d64 00000004 b heap_start.0
00133d68 B __tls_start
00134970 B __bss_end__
00134970 A __end__
00134970 B __tls_end
